// Jest Snapshot v1, https://goo.gl/fbAQLP

exports[`renders correctly 1`] = `
<View
  style={
    Object {
      "flex": 1,
      "height": 1334,
    }
  }
  virtual={undefined}
>
  <RCTScrollView
    automaticallyAdjustContentInsets={false}
    contentContainerStyle={undefined}
    contentInset={
      Object {
        "bottom": 0,
      }
    }
    enableAutoAutomaticScroll={true}
    enableResetScrollToCoords={true}
    extraHeight={75}
    extraScrollHeight={0}
    getScrollResponder={[Function]}
    handleOnScroll={[Function]}
    keyboardDismissMode="interactive"
    keyboardOpeningTime={250}
    keyboardShouldPersistTaps="handled"
    keyboardSpace={0}
    onScroll={[Function]}
    resetKeyboardSpace={[Function]}
    resetScrollToCoords={
      Object {
        "x": 0,
        "y": 0,
      }
    }
    scrollEventThrottle={1}
    scrollForExtraHeightOnAndroid={[Function]}
    scrollToEnd={[Function]}
    scrollToFocusedInput={[Function]}
    scrollToPosition={[Function]}
    showsVerticalScrollIndicator={true}
    style={
      Object {
        "backgroundColor": "transparent",
        "flex": 1,
      }
    }
    viewIsInsideTabBar={false}
    virtual={undefined}
  >
    <View>
      <ActivityIndicator
        animating={true}
        color="#5a9bd2"
        hidesWhenStopped={true}
        size="large"
        style={
          Object {
            "height": 80,
          }
        }
        virtual={undefined}
      />
    </View>
  </RCTScrollView>
</View>
`;
